// Jest Snapshot v1, https://goo.gl/fbAQLP

exports[`Index Route Tests index route matches snapshot 1`] = `"<!DOCTYPE html><html><head><title>Express</title><link rel=\\"stylesheet\\" href=\\"/stylesheets/style.css\\"></head><body><h1>Express</h1><p>Welcome to Express</p><p>testing a change</p></body></html>"`;
